MPLINK 5.09, LINKER
Linker Map File - Created Thu Sep 12 10:34:47 2019

                                 Section Info
                  Section       Type    Address   Location Size(Bytes)
                ---------  ---------  ---------  ---------  ---------
                   .org_0       code   0x000000    program   0x000002
                   .cinit    romdata   0x000001    program   0x000004
                   .org_1       code   0x000004    program   0x000052
.config_2007_BUILD/DEFAULT/PRODUCTION/MAIN.O       code   0x002007    program   0x000002



                              Program Memory Usage 
                               Start         End      
                           ---------   ---------      
                            0x000000    0x000002      
                            0x000004    0x00002c      
                            0x002007    0x002007      
            45 out of 1094 program addresses used, program memory utilization is 4%



                              Symbols - Sorted by Name
                     Name    Address   Location    Storage File                     
                ---------  ---------  ---------  --------- ---------                
                 ATUALIZA   0x000028    program     static C:\Users\luizg\Documents\6°Período\Microcontroladores\Exercicio1.X\Main.asm
                 CHECA_BT   0x000017    program     static C:\Users\luizg\Documents\6°Período\Microcontroladores\Exercicio1.X\Main.asm
                   INICIO   0x000005    program     static C:\Users\luizg\Documents\6°Período\Microcontroladores\Exercicio1.X\Main.asm
                     MAIN   0x000013    program     static C:\Users\luizg\Documents\6°Período\Microcontroladores\Exercicio1.X\Main.asm
                     SOMA   0x000023    program     static C:\Users\luizg\Documents\6°Período\Microcontroladores\Exercicio1.X\Main.asm
                  SUBTRAI   0x00001d    program     static C:\Users\luizg\Documents\6°Período\Microcontroladores\Exercicio1.X\Main.asm
                 TRATA_BT   0x00001b    program     static C:\Users\luizg\Documents\6°Período\Microcontroladores\Exercicio1.X\Main.asm
             _.org_1_002B   0x00002b    program     static C:\Users\luizg\Documents\6°Período\Microcontroladores\Exercicio1.X\Main.asm



                              Symbols - Sorted by Address
                     Name    Address   Location    Storage File                     
                ---------  ---------  ---------  --------- ---------                
                   INICIO   0x000005    program     static C:\Users\luizg\Documents\6°Período\Microcontroladores\Exercicio1.X\Main.asm
                     MAIN   0x000013    program     static C:\Users\luizg\Documents\6°Período\Microcontroladores\Exercicio1.X\Main.asm
                 CHECA_BT   0x000017    program     static C:\Users\luizg\Documents\6°Período\Microcontroladores\Exercicio1.X\Main.asm
                 TRATA_BT   0x00001b    program     static C:\Users\luizg\Documents\6°Período\Microcontroladores\Exercicio1.X\Main.asm
                  SUBTRAI   0x00001d    program     static C:\Users\luizg\Documents\6°Período\Microcontroladores\Exercicio1.X\Main.asm
                     SOMA   0x000023    program     static C:\Users\luizg\Documents\6°Período\Microcontroladores\Exercicio1.X\Main.asm
                 ATUALIZA   0x000028    program     static C:\Users\luizg\Documents\6°Período\Microcontroladores\Exercicio1.X\Main.asm
             _.org_1_002B   0x00002b    program     static C:\Users\luizg\Documents\6°Período\Microcontroladores\Exercicio1.X\Main.asm


